<area shape="rect" href="add_created.html" title="add_created" alt="" coords="2551,391,2676,439">
<area shape="rect" href="add_struct_fields.html" title="add_struct_fields" alt="" coords="212,487,375,535">
<area shape="rect" href="get_objfield.html" title="get_objfield" alt="" coords="2524,583,2649,631">
<area shape="rect" href="set_objfield.html" title="set_objfield" alt="" coords="3484,583,3607,631">
<area shape="rect" href="get_object.html" title="get_object" alt="" coords="2331,679,2443,727">
<area shape="rect" href="set_object.html" title="set_object" alt="" coords="3144,679,3253,727">
<area shape="rect" href="propval.html" title="propval" alt="" coords="4769,871,4860,919">
<area shape="rect" href="add_history.html" title="add_history" alt="" coords="3935,391,4057,439">
<area shape="rect" href="datetime.html" title="datetime" alt="" coords="4308,487,4407,535">
<area shape="rect" href="get_number.html" title="get_number" alt="" coords="2995,775,3117,823">
<area shape="rect" href="get_type.html" title="get_type" alt="" coords="1997,871,2096,919">
<area shape="rect" href="set_type.html" title="set_type" alt="" coords="3480,775,3576,823">
<area shape="rect" href="add_results_history.html" title="add_results_history" alt="" coords="4588,295,4769,343">
<area shape="rect" href="change_groupname.html" title="change_groupname" alt="" coords="2919,391,3100,439">
<area shape="rect" href="find_group.html" title="find_group" alt="" coords="1609,487,1727,535">
<area shape="rect" href="create_pattern_from_mask.html" title="create_pattern_from_mask" alt="" coords="3180,199,3415,247">
<area shape="rect" href="duplicate_object.html" title="duplicate_object" alt="" coords="1257,295,1415,343">
<area shape="rect" href="get_masked_pattern.html" title="get_masked_pattern" alt="" coords="1983,295,2167,343">
<area shape="rect" href="set_mat.html" title="set_mat" alt="" coords="3529,391,3620,439">
<area shape="rect" href="get_mat.html" title="get_mat" alt="" coords="1103,487,1196,535">
<area shape="rect" href="exist_objfield.html" title="exist_objfield" alt="" coords="2313,583,2449,631">
<area shape="rect" href="init_object.html" title="init_object" alt="" coords="3796,391,3911,439">
<area shape="rect" href="compare_size.html" title="compare_size" alt="" coords="5368,391,5504,439">
<area shape="rect" href="get_ref_vol.html" title="get_ref_vol" alt="" coords="2177,391,2297,439">
<area shape="rect" href="set_objsubfield.html" title="set_objsubfield" alt="" coords="3681,487,3828,535">
<area shape="rect" href="create_thresh_mask.html" title="create_thresh_mask" alt="" coords="1369,199,1551,247">
<area shape="rect" href="create_xvalid_indices.html" title="create_xvalid_indices" alt="" coords="3439,199,3636,247">
<area shape="rect" href="cross_validation.html" title="cross_validation" alt="" coords="4260,199,4417,247">
<area shape="rect" href="find_obj.html" title="find_obj" alt="" coords="3008,871,3104,919">
<area shape="rect" href="get_typeslist.html" title="get_typeslist" alt="" coords="2831,871,2959,919">
<area shape="rect" href="display_history.html" title="display_history" alt="" coords="1903,583,2052,631">
<area shape="rect" href="exist_objsubfield.html" title="exist_objsubfield" alt="" coords="2076,583,2239,631">
<area shape="rect" href="feature_select.html" title="feature_select" alt="" coords="1516,103,1655,151">
<area shape="rect" href="get_name.html" title="get_name" alt="" coords="1700,775,1807,823">
<area shape="rect" href="get_objsubfield.html" title="get_objsubfield" alt="" coords="2257,487,2407,535">
<area shape="rect" href="get_relative_index.html" title="get_relative_index" alt="" coords="1431,391,1604,439">
<area shape="rect" href="init_subj.html" title="init_subj" alt="" coords="4791,391,4889,439">
<area shape="rect" href="load_afni_mask.html" title="load_afni_mask" alt="" coords="3623,295,3775,343">
<area shape="rect" href="load_afni_pattern.html" title="load_afni_pattern" alt="" coords="3433,295,3599,343">
<area shape="rect" href="load_pattern_from_hd.html" title="load_pattern_from_hd" alt="" coords="2343,295,2543,343">
<area shape="rect" href="remove_objfield.html" title="remove_objfield" alt="" coords="2684,487,2841,535">
<area shape="rect" href="get_special_fields_list.html" title="get_special_fields_list" alt="" coords="2849,583,3049,631">
<area shape="rect" href="move_pattern_to_hd.html" title="move_pattern_to_hd" alt="" coords="3936,199,4125,247">
<area shape="rect" href="remove_mat.html" title="remove_mat" alt="" coords="3281,295,3409,343">
<area shape="rect" href="peek_feature_select.html" title="peek_feature_select" alt="" coords="1803,103,1984,151">
<area shape="rect" href="statmap_anova.html" title="statmap_anova" alt="" coords="2567,295,2713,343">
<area shape="rect" href="check_1ofn_regressors.html" title="check_1ofn_regressors" alt="" coords="2321,391,2527,439">
<area shape="rect" href="perfmet_maxclass.html" title="perfmet_maxclass" alt="" coords="5351,295,5521,343">
<area shape="rect" href="perfmet_template.html" title="perfmet_template" alt="" coords="5545,295,5711,343">
<area shape="rect" href="remove_group.html" title="remove_group" alt="" coords="2751,391,2895,439">
<area shape="rect" href="remove_object.html" title="remove_object" alt="" coords="3379,679,3523,727">
<area shape="rect" href="remove_objsubfield.html" title="remove_objsubfield" alt="" coords="2967,487,3151,535">
<area shape="rect" href="save_subj.html" title="save_subj" alt="" coords="4153,295,4260,343">
<area shape="rect" href="scramble_regressors.html" title="scramble_regressors" alt="" coords="1721,199,1908,247">
<area shape="rect" href="shuffle.html" title="shuffle" alt="" coords="1772,295,1857,343">
<area shape="rect" href="shift_TRs.html" title="shift_TRs" alt="" coords="1641,295,1748,343">
<area shape="rect" href="statmap_template.html" title="statmap_template" alt="" coords="2737,295,2903,343">
<area shape="rect" href="summarize.html" title="summarize" alt="" coords="1937,391,2052,439">
<area shape="rect" href="train_bp.html" title="train_bp" alt="" coords="172,391,268,439">
<area shape="rect" href="train_bp_netlab.html" title="train_bp_netlab" alt="" coords="292,391,444,439">
<area shape="rect" href="train_template.html" title="train_template" alt="" coords="7,391,148,439">
<area shape="rect" href="tutorial_easy.html" title="tutorial_easy" alt="" coords="3633,7,3764,55">
<area shape="rect" href="zscore_runs.html" title="zscore_runs" alt="" coords="1575,199,1697,247">
<area shape="rect" href="write_to_afni.html" title="write_to_afni" alt="" coords="1780,391,1913,439">
<area shape="rect" href="cross_entropy.html" title="cross_entropy" alt="" coords="3788,7,3927,55">
<area shape="rect" href="cross_entropy_deriv.html" title="cross_entropy_deriv" alt="" coords="3951,7,4137,55">
<area shape="rect" href="display_results_history.html" title="display_results_history" alt="" coords="4161,7,4369,55">
<area shape="rect" href="test_bp.html" title="test_bp" alt="" coords="4393,7,4481,55">
<area shape="rect" href="test_bp_netlab.html" title="test_bp_netlab" alt="" coords="4505,7,4649,55">
<area shape="rect" href="test_template.html" title="test_template" alt="" coords="4673,7,4807,55">
